I'm sorry, but errors were detected in your script. Please correct the
errors listed below, and try again.


File "game/gui.rpy", line 515: unexpected EOF while parsing
    2O
      ^

Ren'Py Version: Ren'Py 8.1.3.23091805
Sat Feb 17 12:46:44 2024
